// Jest Snapshot v1, https://goo.gl/fbAQLP

exports[`LogOutButton button on press 1`] = `<LogOutButton />`;
